LOAD 'pg_anonymize';
-- mask our own user
SELECT current_user \gset
SECURITY LABEL FOR pg_anonymize ON ROLE :current_user IS 'anonymize';
CREATE TABLE t_inh(id integer, val text);
CREATE TABLE t_inh_a (val_a text, id integer) INHERITS (t_inh);
NOTICE:  moving and merging column "id" with inherited definition
DETAIL:  User-specified column moved to the position of the inherited column.
CREATE TABLE t_inh_b (val_b text) INHERITS (t_inh);
-- multi inheritance
CREATE TABLE t_inh_ab_c (id integer, val_a text, val_c text)
    INHERITS (t_inh_a, t_inh_b);
NOTICE:  merging multiple inherited definitions of column "id"
NOTICE:  merging multiple inherited definitions of column "val"
NOTICE:  merging column "id" with inherited definition
NOTICE:  moving and merging column "val_a" with inherited definition
DETAIL:  User-specified column moved to the position of the inherited column.
INSERT INTO t_inh SELECT 1, 't_inh';
INSERT INTO t_inh_a SELECT 2, 't_inh_a', 'a';
INSERT INTO t_inh_b SELECT 3, 't_inh_b', 'b';
INSERT INTO t_inh_ab_c SELECT 4, 't_inh_c', 't_inh_c', 't_inh_c', 'c';
SECURITY LABEL FOR pg_anonymize
    ON COLUMN public.t_inh.val IS $$'root hidden'::text$$;
SECURITY LABEL FOR pg_anonymize
    ON COLUMN public.t_inh_b.val IS $$'part hidden'::text$$;
SECURITY LABEL FOR pg_anonymize
    ON COLUMN public.t_inh_ab_c.val_c IS $$'part c hidden'::text$$;
SET pg_anonymize.enabled = 'off';
-- should see original data
SELECT * FROM t_inh ORDER BY id;
 id |   val   
----+---------
  1 | t_inh
  2 | t_inh_a
  3 | t_inh_b
  4 | t_inh_c
(4 rows)

COPY t_inh TO STDOUT;
1	t_inh
SELECT * FROM t_inh_a ORDER BY id;
 id |   val   |  val_a  
----+---------+---------
  2 | t_inh_a | a
  4 | t_inh_c | t_inh_c
(2 rows)

COPY t_inh_a TO STDOUT;
2	t_inh_a	a
SELECT * FROM t_inh_b ORDER BY id;
 id |   val   |  val_b  
----+---------+---------
  3 | t_inh_b | b
  4 | t_inh_c | t_inh_c
(2 rows)

COPY t_inh_b TO STDOUT;
3	t_inh_b	b
SELECT * FROM t_inh_ab_c ORDER BY id;
 id |   val   |  val_a  |  val_b  | val_c 
----+---------+---------+---------+-------
  4 | t_inh_c | t_inh_c | t_inh_c | c
(1 row)

COPY t_inh_ab_c TO STDOUT;
4	t_inh_c	t_inh_c	t_inh_c	c
SET pg_anonymize.enabled = 'on';
SET pg_anonymize.inherit_labels = false;
--should see anonymized data when selecting from parent table
SELECT * FROM t_inh ORDER BY id;
 id |     val     
----+-------------
  1 | root hidden
  2 | root hidden
  3 | root hidden
  4 | root hidden
(4 rows)

COPY t_inh TO STDOUT;
1	root hidden
-- but original data from any leaf table when label inheritance is disabled
SELECT * FROM t_inh_a ORDER BY id;
 id |   val   |  val_a  
----+---------+---------
  2 | t_inh_a | a
  4 | t_inh_c | t_inh_c
(2 rows)

COPY t_inh_a TO STDOUT;
2	t_inh_a	a
-- unless there's an explicit anonymization rule on it
SELECT * FROM t_inh_b ORDER BY id;
 id |     val     |  val_b  
----+-------------+---------
  3 | part hidden | b
  4 | part hidden | t_inh_c
(2 rows)

COPY t_inh_b TO STDOUT;
3	part hidden	b
SELECT * FROM t_inh_ab_c ORDER BY id;
 id |   val   |  val_a  |  val_b  |     val_c     
----+---------+---------+---------+---------------
  4 | t_inh_c | t_inh_c | t_inh_c | part c hidden
(1 row)

COPY t_inh_ab_c TO STDOUT;
4	t_inh_c	t_inh_c	t_inh_c	part c hidden
SET pg_anonymize.inherit_labels = true;
-- should see anonymized data from inherited security labels
SELECT * FROM t_inh_a ORDER BY id;
 id |     val     |  val_a  
----+-------------+---------
  2 | root hidden | a
  4 | root hidden | t_inh_c
(2 rows)

COPY t_inh_a TO STDOUT;
2	root hidden	a
-- the same anonymized data where inherited label would conflict
SELECT * FROM t_inh_b ORDER BY id;
 id |     val     |  val_b  
----+-------------+---------
  3 | part hidden | b
  4 | part hidden | t_inh_c
(2 rows)

COPY t_inh_b TO STDOUT;
3	part hidden	b
-- and a mix or local and inherited label
SELECT * FROM t_inh_ab_c ORDER BY id;
 id |     val     |  val_a  |  val_b  |     val_c     
----+-------------+---------+---------+---------------
  4 | root hidden | t_inh_c | t_inh_c | part c hidden
(1 row)

COPY t_inh_ab_c TO STDOUT;
4	root hidden	t_inh_c	t_inh_c	part c hidden
